<area shape="rect" href="$_accounts_8h.html" title="/Users/mark/Documents/CLASS/#SVN/dolor/dolor/trunk/src/inc/Accounts.h" alt="" coords="487,80,961,107">
<area shape="rect" href="$_accounts_8cpp.html" title="/Users/mark/Documents/CLASS/#SVN/dolor/dolor/trunk/src/inc/Accounts.cpp" alt="" coords="56,155,544,181">
<area shape="rect" href="$set__of__books_8cpp.html" title="/Users/mark/Documents/CLASS/#SVN/dolor/dolor/trunk/src/inc/set_of_books.cpp" alt="" coords="325,229,837,256">
<area shape="rect" href="$main_8cpp.html" title="/Users/mark/Documents/CLASS/#SVN/dolor/dolor/trunk/src/main.cpp" alt="" coords="909,229,1349,256">
<area shape="rect" href="$_category_8cpp.html" title="/Users/mark/Documents/CLASS/#SVN/dolor/dolor/trunk/src/inc/Category.cpp" alt="" coords="1216,80,1704,107">
<area shape="rect" href="$_stats_8cpp.html" title="/Users/mark/Documents/CLASS/#SVN/dolor/dolor/trunk/src/inc/Stats.cpp" alt="" coords="1728,80,2192,107">
<area shape="rect" href="$_transaction_8cpp.html" title="/Users/mark/Documents/CLASS/#SVN/dolor/dolor/trunk/src/inc/Transaction.cpp" alt="" coords="2216,80,2720,107">
<area shape="rect" href="$set__of__books_8h.html" title="/Users/mark/Documents/CLASS/#SVN/dolor/dolor/trunk/src/inc/set_of_books.h" alt="" coords="619,155,1117,181">
